yarn run v1.22.19
$ vite build --base=/assets/pulse/frontend/ && yarn copy-html-entry
node.exe : '\\wsl.localhost\Ubuntu-
22.04\home\shubham\frappe-bench\app
s\pulse\frontend'
At C:\Users\shubh\AppData\Roaming\n
pm\yarn.ps1:24 char:5
+     & "node$exe"  "$basedir/node_
modules/yarn/bin/yarn.js" $args
+     ~~~~~~~~~~~~~~~~~~~~~~~~~~~~~
~~~~~~~~~~~~~~~~~~~~~~~~~~~~~~~
    + CategoryInfo          : 
NotSpe    cified: 
('\\wsl.localhos...pulse    
\frontend':String) [], RemoteExc   
 eption
    + FullyQualifiedErrorId : 
Native    CommandError
 
CMD.EXE was started with the above 
path as the current directory.
UNC paths are not supported.  
Defaulting to Windows directory.
'vite' is not recognized as an 
internal or external command,
operable program or batch file.
error Command failed with exit 
code 1.
info Visit https://yarnpkg.com/en/docs/cli/run for documentation about this command.
